---
source: src/opts/tests/error_msg.rs
description: "\n[keybindings]\nbase = [\n    [\"ToBottom\", { key = \"Space\", mod = [\"Ctrl\", \"Shift\"] }],\n    [\"ZoomOut\", [{ key = \"Space\", mod = [\"Ctrl\", \"Shift\"] }, \"Enter\", 39]],\n]\n"
expression: err
---
A keycombo starts with another keycombo making it unreachable
	Combo: <Ctrl+Shift+Space><Enter><scan code: 39>
	Prefix: <Ctrl+Shift+Space>
